2021-11-24 14:10:30.690 - INFO - Pass ✓...  add pass
2021-11-24 14:10:30.693 - ERROR - Fail ✗...  sub fail
2021-11-24 14:10:30.695 - ERROR - Fail ✗...  div fail
