2021-11-24 12:39:44.272 - INFO - Pass ✓... (test-sub-variable-local-defs): sub pass
2021-11-24 12:39:44.275 - ERROR - Fail ✗... (test-sub-variable-local-defs): sub fail 
                                    Expected: 7
                                    Got: -2
