2021-11-24 22:50:31.490 - INFO - Pass ✓... (deftest-local-defs-with-fixture / test-add-variable-local-defs): add pass
2021-11-24 22:50:31.492 - ERROR - Fail ✗... (deftest-local-defs-with-fixture / test-add-variable-local-defs): add fail
2021-11-24 22:50:31.497 - INFO - Pass ✓... (deftest-local-defs-with-fixture / test-div-variable): ratio should be 1
2021-11-24 22:50:31.499 - ERROR - Fail ✗... (deftest-local-defs-with-fixture / test-div-variable): ratio should be 4
2021-11-24 22:50:31.499 - DEBUG - (deftest-local-defs-with-fixture): Test Summary → Total: 4    Pass: 2    Fail: 2
