2021-11-24 17:24:55.650 - INFO - Pass ✓... (deftest-partial-local-defs-with-fixture / test-sub-variable-partial-local-defs): add pass
2021-11-24 17:24:55.652 - ERROR - Fail ✗... (deftest-partial-local-defs-with-fixture / test-sub-variable-partial-local-defs): add fail
2021-11-24 17:24:55.658 - INFO - Pass ✓... (deftest-partial-local-defs-with-fixture / test-mul-variable-partial-local-defs): mul pass
2021-11-24 17:24:55.660 - ERROR - Fail ✗... (deftest-partial-local-defs-with-fixture / test-mul-variable-partial-local-defs): mul fail
2021-11-24 17:24:55.660 - DEBUG - (deftest-partial-local-defs-with-fixture): Test Summary → Total: 4    Pass: 2    Fail: 2
