2021-11-24 17:24:55.472 - INFO - Pass ✓... (test-add-variable): add pass
2021-11-24 17:24:55.474 - ERROR - Fail ✗... (test-add-variable): add fail
2021-11-24 17:24:55.479 - INFO - Pass ✓... (test-mul-variable): mul pass
2021-11-24 17:24:55.481 - ERROR - Fail ✗... (test-mul-variable): mul fail
