2021-11-24 12:39:44.046 - INFO - Pass âœ“...  Passing result
