2021-11-24 14:10:30.668 - ERROR - Fail âœ—...  Failing result
