2021-11-24 22:50:31.092 - INFO - Pass âœ“...  Passing result
