2021-11-24 12:39:44.726 - INFO - Pass ✓... (suite-with-fixtures / test-mul-variable): mul pass
2021-11-24 12:39:44.730 - ERROR - Fail ✗... (suite-with-fixtures / test-mul-variable): mul fail 
                                    Expected: 4
                                    Got: 1
2021-11-24 12:39:44.735 - INFO - Pass ✓... (suite-with-fixtures / test-div-variable): div pass
2021-11-24 12:39:44.738 - ERROR - Fail ✗... (suite-with-fixtures / test-div-variable): div fail 
                                    Expected: 4
                                    Got: 1.0
2021-11-24 12:39:44.743 - ERROR - Fail ✗... (suite-with-fixtures / test-mul-variable): mul pass 
                                    Expected: 1
                                    Got: 6
2021-11-24 12:39:44.746 - ERROR - Fail ✗... (suite-with-fixtures / test-mul-variable): mul fail 
                                    Expected: 4
                                    Got: 6
2021-11-24 12:39:44.751 - ERROR - Fail ✗... (suite-with-fixtures / test-div-variable): div pass 
                                    Expected: 1
                                    Got: 1.5
2021-11-24 12:39:44.754 - ERROR - Fail ✗... (suite-with-fixtures / test-div-variable): div fail 
                                    Expected: 4
                                    Got: 0.6666666666666666
