2021-11-14 11:26:50.314 - INFO - Pass ✓... (suite-with-nested-fixture / test-add-variable): add pass
2021-11-14 11:26:50.319 - ERROR - Fail ✗... (suite-with-nested-fixture / test-add-variable): add fail 
                                    Expected: 3
                                    Got: 2
2021-11-14 11:26:50.327 - INFO - Pass ✓... (suite-with-nested-fixture / test-mul-variable): mul pass
2021-11-14 11:26:50.332 - ERROR - Fail ✗... (suite-with-nested-fixture / test-mul-variable): mul fail 
                                    Expected: 4
                                    Got: 1
