2021-11-24 22:50:31.312 - ERROR - Fail ✗... (test-add-variable): sum should be 2
2021-11-24 22:50:31.315 - ERROR - Fail ✗... (test-add-variable): sum should be 3
2021-11-24 22:50:31.320 - INFO - Pass ✓... (test-sub-variable): difference should be 0
2021-11-24 22:50:31.322 - ERROR - Fail ✗... (test-sub-variable): difference should be 4
