2021-11-24 14:10:30.900 - INFO - Pass ✓... (test-mul-variable): mul pass
2021-11-24 14:10:30.903 - ERROR - Fail ✗... (test-mul-variable): mul fail
2021-11-24 14:10:30.907 - INFO - Pass ✓... (test-div-variable): div pass
2021-11-24 14:10:30.909 - ERROR - Fail ✗... (test-div-variable): div fail
2021-11-24 14:10:30.916 - ERROR - Fail ✗... (test-mul-variable): mul pass
2021-11-24 14:10:30.918 - ERROR - Fail ✗... (test-mul-variable): mul fail
2021-11-24 14:10:30.922 - ERROR - Fail ✗... (test-div-variable): div pass
2021-11-24 14:10:30.924 - ERROR - Fail ✗... (test-div-variable): div fail
