2021-11-24 22:50:31.296 - INFO - Pass ✓... (test-add-variable): sum should be 2
2021-11-24 22:50:31.298 - ERROR - Fail ✗... (test-add-variable): sum should be 3
2021-11-24 22:50:31.302 - INFO - Pass ✓... (test-sub-variable): difference should be 0
2021-11-24 22:50:31.303 - ERROR - Fail ✗... (test-sub-variable): difference should be 4
